Seq. Update date/time           Trans(N1) Trans(N2)  Centre Tape
   0 2026-05-21 03:12:59.687303 ----      --------          (Initialized)
   1 2026-05-21 03:12:59.687303                             exfor-2025
   2 2026-05-22 20:52:58.740795 3221      20260106   NDS    trans/trans.3221
   3 2026-05-22 21:50:14.617197 C252      20260112   NNDC   trans/trans.c252
   4 2026-05-22 21:52:38.816421 M142      20260115   CDFE   trans/trans.m142
   5 2026-05-22 21:54:42.621154 1524      20260115   NNDC   trans/trans.1524
   6 2026-05-22 21:57:21.041313 F103      20260122   CNPD   trans/trans.f103
   7 2026-05-22 22:00:41.667460 F104      20260126   CNPD   trans/trans.f104
   8 2026-05-22 22:04:17.551158 2322      20260114   NEADB  trans/trans.2322
   9 2026-05-22 22:06:15.238371 O099      20260114   NEADB  trans/trans.o099
  10 2026-05-22 22:08:39.954345 O100      20260114   NEADB  trans/trans.o100
  11 2026-05-22 22:14:35.095525 M143      20260226   CDFE   trans/trans.m143
  12 2026-05-22 22:17:48.389466 E155      20260227   JCPRG  trans/trans.e155
  13 2026-05-22 22:19:33.353553 E156      20260227   JCPRG  trans/trans.e156
  14 2026-05-22 22:21:29.284535 R033      20260227   JCPRG  trans/trans.r033
  15 2026-05-22 22:23:08.193433 M144      20260302   CDFE   trans/trans.m144
  16 2026-05-22 22:26:51.542887 F105      20260305   CNPD   trans/trans.f105
  17 2026-05-22 22:31:04.760535 F106      20260305   CNPD   trans/trans.f106
  18 2026-05-22 22:34:09.570899 F107      20260311   CNPD   trans/trans.f107
  19 2026-05-22 22:37:30.873930 C253      20260312   NNDC   trans/trans.c253
  20 2026-05-22 22:41:09.197042 1525      20260316   NNDC   trans/trans.1525
  21 2026-05-22 22:46:00.888346 1526      20260316   NNDC   trans/trans.1526
  22 2026-05-22 22:48:57.764487 A129      20260317   CNPD   trans/trans.a129
  23 2026-05-22 22:53:22.095896 4226      20260319   CJD    trans/trans.4226
  24 2026-05-22 22:58:07.047730 C254      20260325   NNDC   trans/trans.c254
  25 2026-05-22 23:03:19.044396 A130      20260327   CNPD   trans/trans.a130
  26 2026-05-22 23:07:22.739902 1527      20260327   NNDC   trans/trans.1527
  27 2026-05-22 23:13:17.677580 A131      20260401   CNPD   trans/trans.a131
  28 2026-05-22 23:16:27.079022 4227      20260420   CJD    trans/trans.4227
  29 2026-05-22 23:18:28.347218 C255      20260420   NNDC   trans/trans.c255
  30 2026-05-22 23:21:31.770991 C256      20260420   NNDC   trans/trans.c256
  31 2026-05-22 23:24:13.627532 L057      20260422   NNDC   trans/trans.l057
  32 2026-05-22 23:25:46.702832 L058      20260422   NNDC   trans/trans.l058
  33 2026-05-22 23:27:45.218684 1528      20260508   NNDC   trans/trans.1528
  34 2026-05-22 23:30:15.012218 3222      20260508   NDS    trans/trans.3222
  35 2026-05-22 23:33:35.338531 A132      20260508   CNPD   trans/trans.a132
  36 2026-05-22 23:36:59.426084 A133      20260508   CNPD   trans/trans.a133
  37 2026-05-22 23:44:24.793909 D151      20260508   NDS    trans/trans.d151
  38 2026-05-22 23:49:56.736538 E157      20260508   JCPRG  trans/trans.e157
  39 2026-05-22 23:51:53.286654 E158      20260508   JCPRG  trans/trans.e158
  40 2026-05-22 23:54:44.074617 F108      20260508   CNPD   trans/trans.f108
  41 2026-05-22 23:58:42.082120 G059      20260508   NDS    trans/trans.g059
  42 2026-05-23 00:01:07.904804 K024      20260508   JCPRG  trans/trans.k024
  43 2026-05-23 00:03:35.746693 A134      20260508   CNPD   trans/trans.a134
  44 2026-05-23 00:06:29.745993 4228      20260518   CJD    trans/trans.4228
  45 2026-05-23 00:09:27.585393 C257      20260518   NNDC   trans/trans.c257
  46 2026-05-23 00:13:42.547707 M145      20260518   CDFE   trans/trans.m145
  47 2026-05-28 13:32:14.853352 3223      20260528   NDS    trans/trans.3223
  48 2026-05-28 13:34:14.087760 D152      20260528   NDS    trans/trans.d152
  49 2026-05-28 13:35:56.826781 G060      20260528   NDS    trans/trans.g060
  50 2026-06-18 18:01:22.515622 1529      20260617   NNDC   trans/trans.1529
  51 2026-06-18 18:01:40.525591 L059      20260617   NNDC   trans/trans.l059
  52 2026-06-18 18:01:56.364870 M146      20260617   CDFE   trans/trans.m146
  53 2026-06-29 12:05:18.478793 X002      20260629   adhoc  adhoc/trans.x002
  54 2026-06-29 18:13:54.861238 X002      20260629   adhoc  trans/trans.x002
  55 2026-08-19 09:59:33.348248 E159      20260818   JCPRG  trans/trans.e159
  56 2026-08-20 15:48:09.027695 C258      20260819   NNDC   trans/trans.c258
  57 2026-08-24 16:24:53.650016 1530      20260821   NNDC   trans/trans.1530
  58 2026-08-27 08:58:59.733636 2323      20260826   NEADB  trans/trans.2323
  59 2026-09-09 14:03:44.397823 K025      20260908   JCPRG  trans/trans.k025
